
Memory Configuration

Name             Origin             Length             Attributes
rom              0x00000000         0x20000000         xr
ram              0x20000000         0x20000000         xrw
*default*        0x00000000         0xffffffff

Linker script and memory map


.text           0x00000000      0x228
 *(.vectors*)
 .vectors       0x00000000       0x1c startup.o
                0x00000000                vector
 *(.text)
 .text          0x0000001c      0x148 main.o
                0x0000001c                _spark
                0x00000098                delay
                0x000000c8                main
 .text          0x00000164       0xc4 startup.o
                0x00000164                USAGE_Fault_Handler
                0x00000164                MM_Handler
                0x00000164                MAIN_Handler
                0x00000164                BUS_Fault_Handler
                0x00000164                H_Handler
                0x00000164                NMI_Handler
                0x00000170                reset_Handler
 *(.rodata)
                0x00000228                _E_TEXT = .

.glue_7         0x00000228        0x0
 .glue_7        0x00000000        0x0 linker stubs

.glue_7t        0x00000228        0x0
 .glue_7t       0x00000000        0x0 linker stubs

.vfp11_veneer   0x00000228        0x0
 .vfp11_veneer  0x00000000        0x0 linker stubs

.v4_bx          0x00000228        0x0
 .v4_bx         0x00000000        0x0 linker stubs

.iplt           0x00000228        0x0
 .iplt          0x00000000        0x0 main.o

.rel.dyn        0x00000228        0x0
 .rel.iplt      0x00000000        0x0 main.o

.data           0x20000000        0x0 load address 0x00000228
                0x20000000                _S_DATA = .
 *(.data)
 .data          0x20000000        0x0 main.o
 .data          0x20000000        0x0 startup.o
                0x20000000                _E_DATA = .

.igot.plt       0x20000000        0x0 load address 0x00000228
 .igot.plt      0x00000000        0x0 main.o

.bss            0x20000000     0x2404 load address 0x00000228
                0x20000000                _S_BSS = .
 *(.bss)
 .bss           0x20000000        0x4 main.o
 .bss           0x20000004      0x400 startup.o
                0x20000404                _E_BSS = .
                0x20001404                . = (. + 0x1000)
 *fill*         0x20000404     0x1000 
                0x20001404                _E_HEAB = .
                0x20002404                . = (. + 0x1000)
 *fill*         0x20001404     0x1000 
                0x20002404                _SP_TOP = .
LOAD main.o
LOAD startup.o
OUTPUT(app.elf elf32-littlearm)

.debug_info     0x00000000      0x2f9
 .debug_info    0x00000000      0x15a main.o
 .debug_info    0x0000015a      0x19f startup.o

.debug_abbrev   0x00000000      0x1a8
 .debug_abbrev  0x00000000       0xde main.o
 .debug_abbrev  0x000000de       0xca startup.o

.debug_loc      0x00000000      0x10c
 .debug_loc     0x00000000       0xa8 main.o
 .debug_loc     0x000000a8       0x64 startup.o

.debug_aranges  0x00000000       0x40
 .debug_aranges
                0x00000000       0x20 main.o
 .debug_aranges
                0x00000020       0x20 startup.o

.debug_line     0x00000000      0x11c
 .debug_line    0x00000000       0xb2 main.o
 .debug_line    0x000000b2       0x6a startup.o

.debug_str      0x00000000      0x17c
 .debug_str     0x00000000       0xfc main.o
                                0x141 (size before relaxing)
 .debug_str     0x000000fc       0x80 startup.o
                                0x175 (size before relaxing)

.comment        0x00000000       0x11
 .comment       0x00000000       0x11 main.o
                                 0x12 (size before relaxing)
 .comment       0x00000000       0x12 startup.o

.ARM.attributes
                0x00000000       0x33
 .ARM.attributes
                0x00000000       0x33 main.o
 .ARM.attributes
                0x00000033       0x33 startup.o

.debug_frame    0x00000000       0xb4
 .debug_frame   0x00000000       0x68 main.o
 .debug_frame   0x00000068       0x4c startup.o
