
Allocating common symbols
Common symbol       size              file

ps_state            0x4               pressure_sensor.o
ps_state_id         0x1               pressure_sensor.o
alg_state_id        0x1               alghorithm.o
am_state            0x4               alarm_monitor.o
alg_state           0x4               alghorithm.o
am_state_id         0x1               alarm_monitor.o

Memory Configuration

Name             Origin             Length             Attributes
flash            0x08000000         0x00020000         xr
sram             0x20000000         0x00005000         xrw
*default*        0x00000000         0xffffffff

Linker script and memory map


.text           0x08000000      0x3f8
                0x08000000                . = ALIGN (0x4)
 *(.vectors*)
 .vectors       0x08000000       0x20 startup.o
                0x08000000                vectors
 *(.text*)
 .text          0x08000020       0x2c alarm_actuator.o
                0x08000020                actuator_init
                0x0800002c                start_alarm
                0x0800003c                stop_alarm
 .text          0x0800004c       0x90 alarm_monitor.o
                0x0800004c                high_pressure_detected
                0x08000068                st_am_waiting
                0x08000098                st_alarm_off
                0x080000b0                st_alarm_on
 .text          0x080000dc       0x50 alghorithm.o
                0x080000dc                set_pressure_val
                0x080000fc                st_high_pressure_detect
 .text          0x0800012c      0x10c driver.o
                0x0800012c                delay
                0x08000150                getPressureVal
                0x08000168                Set_Alarm_actuator
                0x080001b8                GPIO_INITIALIZATION
 .text          0x08000238       0x80 main.o
                0x08000238                init
                0x08000280                main
 .text          0x080002b8       0x84 pressure_sensor.o
                0x080002b8                ps_init
                0x080002c4                st_ps_waiting
                0x080002f4                st_ps_reading
 .text          0x0800033c       0xbc startup.o
                0x0800033c                vector_handler
                0x0800033c                vector5_handler
                0x0800033c                vector4_handler
                0x0800033c                vector6_handler
                0x0800033c                vector2_handler
                0x0800033c                vector3_handler
                0x0800033c                vector7_handler
                0x08000348                reset_handler
 *(.rodata)
                0x080003f8                . = ALIGN (0x4)
                0x080003f8                S_ldata = .

.glue_7         0x080003f8        0x0
 .glue_7        0x00000000        0x0 linker stubs

.glue_7t        0x080003f8        0x0
 .glue_7t       0x00000000        0x0 linker stubs

.vfp11_veneer   0x080003f8        0x0
 .vfp11_veneer  0x00000000        0x0 linker stubs

.v4_bx          0x080003f8        0x0
 .v4_bx         0x00000000        0x0 linker stubs

.iplt           0x080003f8        0x0
 .iplt          0x00000000        0x0 alarm_actuator.o

.rel.dyn        0x080003f8        0x0
 .rel.iplt      0x00000000        0x0 alarm_actuator.o

.data           0x20000000        0x4 load address 0x080003f8
                0x20000000                S_vdata = .
 *(.data)
 .data          0x20000000        0x0 alarm_actuator.o
 .data          0x20000000        0x0 alarm_monitor.o
 .data          0x20000000        0x4 alghorithm.o
                0x20000000                threshold
 .data          0x20000004        0x0 driver.o
 .data          0x20000004        0x0 main.o
 .data          0x20000004        0x0 pressure_sensor.o
 .data          0x20000004        0x0 startup.o
                0x20000004                . = ALIGN (0x4)
                0x20000004                E_vdata = .

.igot.plt       0x20000004        0x0 load address 0x080003fc
 .igot.plt      0x00000000        0x0 alarm_actuator.o

.bss            0x20000004       0x1d load address 0x080003fc
                0x20000004                S_bss = .
 *(.bss)
 .bss           0x20000004        0x0 alarm_actuator.o
 .bss           0x20000004        0x0 alarm_monitor.o
 .bss           0x20000004        0x4 alghorithm.o
                0x20000004                pressure_val2
 .bss           0x20000008        0x0 driver.o
 .bss           0x20000008        0x0 main.o
 .bss           0x20000008        0x4 pressure_sensor.o
                0x20000008                pressure_val
 .bss           0x2000000c        0x0 startup.o
                0x2000000c                E_bss = .
                0x2000000c                . = ALIGN (0x4)
 COMMON         0x2000000c        0x5 alarm_monitor.o
                0x2000000c                am_state
                0x20000010                am_state_id
 *fill*         0x20000011        0x3 
 COMMON         0x20000014        0x8 alghorithm.o
                0x20000014                alg_state_id
                0x20000018                alg_state
 COMMON         0x2000001c        0x5 pressure_sensor.o
                0x2000001c                ps_state
                0x20000020                ps_state_id
                0x20000409                . = (. + 0x3e8)
                0x20000409                stack_top = .
LOAD alarm_actuator.o
LOAD alarm_monitor.o
LOAD alghorithm.o
LOAD driver.o
LOAD main.o
LOAD pressure_sensor.o
LOAD startup.o
OUTPUT(pressure_detection.elf elf32-littlearm)

.debug_info     0x00000000      0x78a
 .debug_info    0x00000000       0xb9 alarm_actuator.o
 .debug_info    0x000000b9      0x11e alarm_monitor.o
 .debug_info    0x000001d7      0x12b alghorithm.o
 .debug_info    0x00000302      0x103 driver.o
 .debug_info    0x00000405       0xd8 main.o
 .debug_info    0x000004dd      0x120 pressure_sensor.o
 .debug_info    0x000005fd      0x18d startup.o

.debug_abbrev   0x00000000      0x40e
 .debug_abbrev  0x00000000       0x56 alarm_actuator.o
 .debug_abbrev  0x00000056       0x94 alarm_monitor.o
 .debug_abbrev  0x000000ea       0xb4 alghorithm.o
 .debug_abbrev  0x0000019e       0x9d driver.o
 .debug_abbrev  0x0000023b       0x66 main.o
 .debug_abbrev  0x000002a1       0xa1 pressure_sensor.o
 .debug_abbrev  0x00000342       0xcc startup.o

.debug_loc      0x00000000      0x3a0
 .debug_loc     0x00000000       0x84 alarm_actuator.o
 .debug_loc     0x00000084       0xb0 alarm_monitor.o
 .debug_loc     0x00000134       0x64 alghorithm.o
 .debug_loc     0x00000198       0xc8 driver.o
 .debug_loc     0x00000260       0x58 main.o
 .debug_loc     0x000002b8       0x84 pressure_sensor.o
 .debug_loc     0x0000033c       0x64 startup.o

.debug_aranges  0x00000000       0xe0
 .debug_aranges
                0x00000000       0x20 alarm_actuator.o
 .debug_aranges
                0x00000020       0x20 alarm_monitor.o
 .debug_aranges
                0x00000040       0x20 alghorithm.o
 .debug_aranges
                0x00000060       0x20 driver.o
 .debug_aranges
                0x00000080       0x20 main.o
 .debug_aranges
                0x000000a0       0x20 pressure_sensor.o
 .debug_aranges
                0x000000c0       0x20 startup.o

.debug_line     0x00000000      0x383
 .debug_line    0x00000000       0x45 alarm_actuator.o
 .debug_line    0x00000045       0x4f alarm_monitor.o
 .debug_line    0x00000094       0x88 alghorithm.o
 .debug_line    0x0000011c       0x99 driver.o
 .debug_line    0x000001b5       0x8e main.o
 .debug_line    0x00000243       0x92 pressure_sensor.o
 .debug_line    0x000002d5       0xae startup.o

.debug_str      0x00000000      0x336
 .debug_str     0x00000000      0x12e alarm_actuator.o
                                0x167 (size before relaxing)
 .debug_str     0x0000012e       0x63 alarm_monitor.o
                                0x1b2 (size before relaxing)
 .debug_str     0x00000191       0x6e alghorithm.o
                                0x1b4 (size before relaxing)
 .debug_str     0x000001ff       0x4c driver.o
                                0x186 (size before relaxing)
 .debug_str     0x0000024b       0x15 main.o
                                0x15e (size before relaxing)
 .debug_str     0x00000260       0x42 pressure_sensor.o
                                0x1a8 (size before relaxing)
 .debug_str     0x000002a2       0x94 startup.o
                                0x1c9 (size before relaxing)

.comment        0x00000000       0x11
 .comment       0x00000000       0x11 alarm_actuator.o
                                 0x12 (size before relaxing)
 .comment       0x00000000       0x12 alarm_monitor.o
 .comment       0x00000000       0x12 alghorithm.o
 .comment       0x00000000       0x12 driver.o
 .comment       0x00000000       0x12 main.o
 .comment       0x00000000       0x12 pressure_sensor.o
 .comment       0x00000000       0x12 startup.o

.ARM.attributes
                0x00000000       0x33
 .ARM.attributes
                0x00000000       0x33 alarm_actuator.o
 .ARM.attributes
                0x00000033       0x33 alarm_monitor.o
 .ARM.attributes
                0x00000066       0x33 alghorithm.o
 .ARM.attributes
                0x00000099       0x33 driver.o
 .ARM.attributes
                0x000000cc       0x33 main.o
 .ARM.attributes
                0x000000ff       0x33 pressure_sensor.o
 .ARM.attributes
                0x00000132       0x33 startup.o

.debug_frame    0x00000000      0x290
 .debug_frame   0x00000000       0x60 alarm_actuator.o
 .debug_frame   0x00000060       0x7c alarm_monitor.o
 .debug_frame   0x000000dc       0x48 alghorithm.o
 .debug_frame   0x00000124       0x78 driver.o
 .debug_frame   0x0000019c       0x48 main.o
 .debug_frame   0x000001e4       0x60 pressure_sensor.o
 .debug_frame   0x00000244       0x4c startup.o
