
Memory Configuration

Name             Origin             Length             Attributes
rom              0x00000000         0x20000000         xr
ram              0x20000000         0x20000000         xrw
*default*        0x00000000         0xffffffff

Linker script and memory map


.text           0x00000000      0x19c
 *(.vectors*)
 .vectors       0x00000000       0x1c startup.o
                0x00000000                vector
 *(.text)
 .text          0x0000001c       0xbc main.o
                0x0000001c                delay
                0x0000004c                main
 .text          0x000000d8       0xc4 startup.o
                0x000000d8                USAGE_Fault_Handler
                0x000000d8                MM_Handler
                0x000000d8                MAIN_Handler
                0x000000d8                BUS_Fault_Handler
                0x000000d8                H_Handler
                0x000000d8                NMI_Handler
                0x000000e4                reset_Handler
 *(.rodata)
                0x0000019c                _E_TEXT = .

.glue_7         0x0000019c        0x0
 .glue_7        0x00000000        0x0 linker stubs

.glue_7t        0x0000019c        0x0
 .glue_7t       0x00000000        0x0 linker stubs

.vfp11_veneer   0x0000019c        0x0
 .vfp11_veneer  0x00000000        0x0 linker stubs

.v4_bx          0x0000019c        0x0
 .v4_bx         0x00000000        0x0 linker stubs

.iplt           0x0000019c        0x0
 .iplt          0x00000000        0x0 main.o

.rel.dyn        0x0000019c        0x0
 .rel.iplt      0x00000000        0x0 main.o

.data           0x20000000        0x0 load address 0x0000019c
                0x20000000                _S_DATA = .
 *(.data)
 .data          0x20000000        0x0 main.o
 .data          0x20000000        0x0 startup.o
                0x20000000                _E_DATA = .

.igot.plt       0x20000000        0x0 load address 0x0000019c
 .igot.plt      0x00000000        0x0 main.o

.bss            0x20000000      0x400 load address 0x0000019c
                0x20000000                _S_BSS = .
 *(.bss)
 .bss           0x20000000        0x0 main.o
 .bss           0x20000000      0x400 startup.o
                0x20000400                _E_BSS = .
LOAD main.o
LOAD startup.o
OUTPUT(app.elf elf32-littlearm)

.debug_info     0x00000000      0x25d
 .debug_info    0x00000000       0xcb main.o
 .debug_info    0x000000cb      0x192 startup.o

.debug_abbrev   0x00000000      0x15a
 .debug_abbrev  0x00000000       0x90 main.o
 .debug_abbrev  0x00000090       0xca startup.o

.debug_loc      0x00000000       0xc8
 .debug_loc     0x00000000       0x64 main.o
 .debug_loc     0x00000064       0x64 startup.o

.debug_aranges  0x00000000       0x40
 .debug_aranges
                0x00000000       0x20 main.o
 .debug_aranges
                0x00000020       0x20 startup.o

.debug_line     0x00000000      0x112
 .debug_line    0x00000000       0xa8 main.o
 .debug_line    0x000000a8       0x6a startup.o

.debug_str      0x00000000      0x155
 .debug_str     0x00000000       0xcd main.o
                                0x107 (size before relaxing)
 .debug_str     0x000000cd       0x88 startup.o
                                0x16d (size before relaxing)

.comment        0x00000000       0x11
 .comment       0x00000000       0x11 main.o
                                 0x12 (size before relaxing)
 .comment       0x00000000       0x12 startup.o

.ARM.attributes
                0x00000000       0x33
 .ARM.attributes
                0x00000000       0x33 main.o
 .ARM.attributes
                0x00000033       0x33 startup.o

.debug_frame    0x00000000       0x94
 .debug_frame   0x00000000       0x48 main.o
 .debug_frame   0x00000048       0x4c startup.o
