
Memory Configuration

Name             Origin             Length             Attributes
rom              0x80000000         0x00020000         xr
ram              0x20000000         0x00005000         xrw
*default*        0x00000000         0xffffffff

Linker script and memory map


.text           0x80000000      0x188
 *(.vectors*)
 .vectors       0x80000000       0x1c startup.o
                0x80000000                vectors
 *(.text)
 .text          0x8000001c       0xa8 main.o
                0x8000001c                main
 .text          0x800000c4       0xc4 startup.o
                0x800000c4                USAGE_Fault_Handler
                0x800000c4                MM_Handler
                0x800000c4                MAIN_Handler
                0x800000c4                BUS_Fault_Handler
                0x800000c4                H_Handler
                0x800000c4                NMI_Handler
                0x800000d0                reset_Handler
 *(.rodata)
                0x80000188                _E_TEXT = .

.glue_7         0x80000188        0x0
 .glue_7        0x00000000        0x0 linker stubs

.glue_7t        0x80000188        0x0
 .glue_7t       0x00000000        0x0 linker stubs

.vfp11_veneer   0x80000188        0x0
 .vfp11_veneer  0x00000000        0x0 linker stubs

.v4_bx          0x80000188        0x0
 .v4_bx         0x00000000        0x0 linker stubs

.iplt           0x80000188        0x0
 .iplt          0x00000000        0x0 main.o

.rel.dyn        0x80000188        0x0
 .rel.iplt      0x00000000        0x0 main.o

.data           0x20000000        0x4 load address 0x80000188
                0x20000000                _S_DATA = .
 *(.data)
 .data          0x20000000        0x4 main.o
                0x20000000                ptr
 .data          0x20000004        0x0 startup.o
                0x20000004                _E_DATA = .

.igot.plt       0x20000004        0x0 load address 0x8000018c
 .igot.plt      0x00000000        0x0 main.o

.bss            0x20000004        0x0 load address 0x8000018c
                0x20000004                _S_BSS = .
 *(.bss)
 .bss           0x20000004        0x0 main.o
 .bss           0x20000004        0x0 startup.o
                0x20000004                _E_BSS = .
                0x20001004                SP_TOP = (. + 0x1000)
LOAD main.o
LOAD startup.o
OUTPUT(app.elf elf32-littlearm)

.debug_info     0x00000000      0x245
 .debug_info    0x00000000       0xce main.o
 .debug_info    0x000000ce      0x177 startup.o

.debug_abbrev   0x00000000      0x18a
 .debug_abbrev  0x00000000       0xc6 main.o
 .debug_abbrev  0x000000c6       0xc4 startup.o

.debug_loc      0x00000000       0x9c
 .debug_loc     0x00000000       0x38 main.o
 .debug_loc     0x00000038       0x64 startup.o

.debug_aranges  0x00000000       0x40
 .debug_aranges
                0x00000000       0x20 main.o
 .debug_aranges
                0x00000020       0x20 startup.o

.debug_line     0x00000000      0x106
 .debug_line    0x00000000       0x57 main.o
 .debug_line    0x00000057       0xaf startup.o

.debug_str      0x00000000      0x15b
 .debug_str     0x00000000       0x72 main.o
                                 0x7f (size before relaxing)
 .debug_str     0x00000072       0xe9 startup.o
                                0x168 (size before relaxing)

.comment        0x00000000       0x11
 .comment       0x00000000       0x11 main.o
                                 0x12 (size before relaxing)
 .comment       0x00000000       0x12 startup.o

.ARM.attributes
                0x00000000       0x33
 .ARM.attributes
                0x00000000       0x33 main.o
 .ARM.attributes
                0x00000033       0x33 startup.o

.debug_frame    0x00000000       0x78
 .debug_frame   0x00000000       0x2c main.o
 .debug_frame   0x0000002c       0x4c startup.o
